---
source: src/parser/tests.rs
expression: stmt
---
PrintStmt:
  Literal: "False"
